Godot Engine v4.7.2.stable.official.ed1daf0bf - https://godotengine.org

[   0% ] [90m[1mfirst_scan_filesystem[22m | Started Project initialization (5 steps)[39m[0m
[   0% ] [90m[1mfirst_scan_filesystem[22m | Scanning file structure...[39m[0m
[  16% ] [90m[1mfirst_scan_filesystem[22m | Loading global class names...[39m[0m
[  33% ] [90m[1mfirst_scan_filesystem[22m | Verifying GDExtensions...[39m[0m
[  50% ] [90m[1mfirst_scan_filesystem[22m | Creating autoload scripts...[39m[0m
[  66% ] [90m[1mfirst_scan_filesystem[22m | Initializing plugins...[39m[0m
[  83% ] [90m[1mfirst_scan_filesystem[22m | Starting file scan...[39m[0m
[92m[ DONE ][39m [1mfirst_scan_filesystem[22m
[0m
[92mINFO: Loading export config from file![39m[0m
[92mINFO: Loaded export configuration settings:[39m[0m
[92mINFO:   is_real: false[39m[0m
[92mINFO:   enabled_mediation_networks: [39m[0m
[92mINFO: ... debug_application_id: ca-app-pub-3940256099942544~3347511713[39m[0m
[92mINFO: ... real_application_id: ca-app-pub-3940256099942544~3347511713[39m[0m
[   0% ] [90m[1mexport[22m | Started Exporting for Android (105 steps)[39m[0m
0 param: --xr_mode_regular
1 param: --xr-mode
2 param: off
3 param: --fullscreen
4 param: --background_color
5 param: #000000
[92mINFO: Android dependencies: ["androidx.appcompat:appcompat:1.7.1", "androidx.lifecycle:lifecycle-process:2.8.3", "com.google.android.gms:play-services-ads:24.9.0"][39m[0m
[92m[ DONE ][39m [1mexport[22m
[0m
cannot connect to daemon at tcp:5037: Connection refused
