Godot Engine v4.7.2.stable.official.ed1daf0bf - https://godotengine.org

---  GUT  ---
[1m[INFO]:  [0musing [/home/ubuntu/.local/share/godot/app_userdata/Phase 0 Android Spike] for temporary output.
Godot version:  4.7.2
GUT version:  9.7.1
[4m

res://tests/test_phase0b.gd
[0m* test_one_plus_one_equals_two
[1m1/1 passed.
[0m[4m

res://tests/test_phase0d.gd
[0m* test_phase0d_google_sample_app_id_only
* test_phase0d_anchored_adaptive_banner_test_unit
* test_phase0d_admob_plugin_files_present
[1m3/3 passed.
[0m[4m

res://tests/test_phase0e.gd
[0m* test_phase0e_initial_decision_blocks_before_update
* test_phase0e_can_request_ads_true_allows_after_update
* test_phase0e_can_request_ads_false_blocks_after_update_success_or_failure
* test_phase0e_privacy_options_status_model
* test_phase0e_auto_start_ads_disabled
* test_phase0e_uses_google_test_ids_only
* test_phase0e_admob_wrapper_exposes_ump_current_apis
* test_phase0e_patched_aars_present
[1m8/8 passed.
[0m



[33m==============================================
[0m[33m= Run Summary
[0m[33m==============================================
[0m
Totals
------
Scripts               3
Tests                12
Passing Tests        12
Asserts              29
Time              0.446s


[32m---- All tests passed! ----
[0m
