Godot Engine v4.7.2.stable.official.ed1daf0bf - https://godotengine.org

---  GUT  ---
[1m[INFO]:  [0musing [/home/ubuntu/.local/share/godot/app_userdata/Phase 0 Android Spike] for temporary output.
Godot version:  4.7.2
GUT version:  9.7.1
[4m

res://tests/test_phase0b.gd
[0m* test_one_plus_one_equals_two
[1m1/1 passed.
[0m[4m

res://tests/test_phase0d.gd
[0m* test_phase0d_google_sample_app_id_only
* test_phase0d_anchored_adaptive_banner_test_unit
* test_phase0d_admob_plugin_files_present
[1m3/3 passed.
[0m[4m

res://tests/test_phase0e.gd
[0m* test_phase0e_initial_decision_is_blocked
* test_phase0e_update_failure_is_fail_closed
* test_phase0e_required_blocks_ads
* test_phase0e_unknown_after_update_blocks_ads
* test_phase0e_not_required_allows_ads
* test_phase0e_obtained_allows_ads
* test_phase0e_auto_start_ads_disabled
* test_phase0e_uses_google_test_ids_only
[1m8/8 passed.
[0m



[33m==============================================
[0m[33m= Run Summary
[0m[33m==============================================
[0m
Totals
------
Scripts               3
Tests                12
Passing Tests        12
Asserts              24
Time              0.448s


[32m---- All tests passed! ----
[0m
